# iteration, conv, TPS [1/s], wmax_velz [m/s], wmean_velz [m/s], k13 [m^2], k23 [m^2], k33 [m^2], wk13 [m^2], wk23 [m^2], wk33 [m^2]
1100, 1.000000e+00, 9.846891e+00, 1.217085e-05, 1.180817e-06, 0.000000e+00, 0.000000e+00, 0.000000e+00, -3.435395e-12, -5.481742e-12, 1.291981e-08
1200, 3.660767e-03, 1.313410e+01, 1.228004e-05, 1.176510e-06, 0.000000e+00, 0.000000e+00, 0.000000e+00, -4.125505e-12, -4.122796e-12, 1.287269e-08
1300, 2.066321e-03, 1.339335e+01, 1.235752e-05, 1.174084e-06, 0.000000e+00, 0.000000e+00, 0.000000e+00, -3.862055e-12, -2.426543e-12, 1.284615e-08
1400, 1.639224e-03, 1.290697e+01, 1.240473e-05, 1.172163e-06, 0.000000e+00, 0.000000e+00, 0.000000e+00, -3.360817e-12, -1.053138e-12, 1.282512e-08
1500, 1.693515e-03, 1.354434e+01, 1.243870e-05, 1.170181e-06, 0.000000e+00, 0.000000e+00, 0.000000e+00, -3.169345e-12, -2.942650e-13, 1.280344e-08
1600, 1.731353e-03, 1.326234e+01, 1.246243e-05, 1.168158e-06, 0.000000e+00, 0.000000e+00, 0.000000e+00, -3.344330e-12, 5.711992e-15, 1.278131e-08
1700, 1.582650e-03, 1.225472e+01, 1.247570e-05, 1.166313e-06, 0.000000e+00, 0.000000e+00, 0.000000e+00, -3.606031e-12, 1.952082e-13, 1.276112e-08
1800, 1.310072e-03, 1.232031e+01, 1.247961e-05, 1.164787e-06, 0.000000e+00, 0.000000e+00, 0.000000e+00, -3.794630e-12, 2.876450e-13, 1.274442e-08
1900, 1.011019e-03, 1.241376e+01, 1.247700e-05, 1.163610e-06, 0.000000e+00, 0.000000e+00, 0.000000e+00, -3.828528e-12, 3.225655e-13, 1.273155e-08
2000, 8.258699e-04, 1.256965e+01, 1.247086e-05, 1.162650e-06, 0.000000e+00, 0.000000e+00, 0.000000e+00, -3.734429e-12, 2.814620e-13, 1.272104e-08
2100, 7.636868e-04, 9.069546e+00, 1.246282e-05, 1.161763e-06, 0.000000e+00, 0.000000e+00, 0.000000e+00, -3.617812e-12, 1.857022e-13, 1.271133e-08
2200, 7.488729e-04, 1.134699e+01, 1.245305e-05, 1.160893e-06, 0.000000e+00, 0.000000e+00, 0.000000e+00, -3.547196e-12, 7.407375e-14, 1.270182e-08
2300, 7.227101e-04, 1.092289e+01, 1.244134e-05, 1.160055e-06, 0.000000e+00, 0.000000e+00, 0.000000e+00, -3.521365e-12, -4.638210e-14, 1.269265e-08
2400, 6.671766e-04, 1.136824e+01, 1.242770e-05, 1.159282e-06, 0.000000e+00, 0.000000e+00, 0.000000e+00, -3.512075e-12, -1.496967e-13, 1.268419e-08
2500, 5.984208e-04, 1.096269e+01, 1.241263e-05, 1.158588e-06, 0.000000e+00, 0.000000e+00, 0.000000e+00, -3.494011e-12, -2.206610e-13, 1.267660e-08
2600, 5.424750e-04, 1.109090e+01, 1.239680e-05, 1.157960e-06, 0.000000e+00, 0.000000e+00, 0.000000e+00, -3.462802e-12, -2.760673e-13, 1.266973e-08
2700, 5.092648e-04, 1.201571e+01, 1.238067e-05, 1.157371e-06, 0.000000e+00, 0.000000e+00, 0.000000e+00, -3.428570e-12, -3.243420e-13, 1.266328e-08
2800, 4.897092e-04, 8.757227e+00, 1.236440e-05, 1.156804e-06, 0.000000e+00, 0.000000e+00, 0.000000e+00, -3.402045e-12, -3.644278e-13, 1.265708e-08
2900, 4.727700e-04, 1.180750e+01, 1.234796e-05, 1.156258e-06, 0.000000e+00, 0.000000e+00, 0.000000e+00, -3.386529e-12, -3.961982e-13, 1.265110e-08
3000, 4.524424e-04, 1.031456e+01, 1.233137e-05, 1.155735e-06, 0.000000e+00, 0.000000e+00, 0.000000e+00, -3.377884e-12, -4.174057e-13, 1.264538e-08
3100, 4.290009e-04, 1.108831e+01, 1.231469e-05, 1.155239e-06, 0.000000e+00, 0.000000e+00, 0.000000e+00, -3.371470e-12, -4.286635e-13, 1.263996e-08
3200, 4.066314e-04, 1.178332e+01, 1.229804e-05, 1.154769e-06, 0.000000e+00, 0.000000e+00, 0.000000e+00, -3.365352e-12, -4.335416e-13, 1.263482e-08
3300, 3.879976e-04, 1.135357e+01, 1.228152e-05, 1.154322e-06, 0.000000e+00, 0.000000e+00, 0.000000e+00, -3.359777e-12, -4.346686e-13, 1.262992e-08
3400, 3.728198e-04, 1.107281e+01, 1.226517e-05, 1.153891e-06, 0.000000e+00, 0.000000e+00, 0.000000e+00, -3.356318e-12, -4.337527e-13, 1.262521e-08
3500, 3.595462e-04, 1.162756e+01, 1.224900e-05, 1.153477e-06, 0.000000e+00, 0.000000e+00, 0.000000e+00, -3.356060e-12, -4.313843e-13, 1.262067e-08
3600, 3.466825e-04, 1.184817e+01, 1.223302e-05, 1.153077e-06, 0.000000e+00, 0.000000e+00, 0.000000e+00, -3.358542e-12, -4.274363e-13, 1.261630e-08
3700, 3.337344e-04, 1.123834e+01, 1.221722e-05, 1.152692e-06, 0.000000e+00, 0.000000e+00, 0.000000e+00, -3.362820e-12, -4.221708e-13, 1.261209e-08
3800, 3.211436e-04, 1.213036e+01, 1.220162e-05, 1.152322e-06, 0.000000e+00, 0.000000e+00, 0.000000e+00, -3.368209e-12, -4.162192e-13, 1.260804e-08
3900, 3.094291e-04, 1.164696e+01, 1.218625e-05, 1.151966e-06, 0.000000e+00, 0.000000e+00, 0.000000e+00, -3.374402e-12, -4.102447e-13, 1.260414e-08
4000, 2.987335e-04, 1.094899e+01, 1.217111e-05, 1.151622e-06, 0.000000e+00, 0.000000e+00, 0.000000e+00, -3.381477e-12, -4.047242e-13, 1.260038e-08
4100, 2.888732e-04, 1.185806e+01, 1.215620e-05, 1.151289e-06, 0.000000e+00, 0.000000e+00, 0.000000e+00, -3.389592e-12, -3.998183e-13, 1.259674e-08
4200, 2.795536e-04, 1.147059e+01, 1.214154e-05, 1.150967e-06, 0.000000e+00, 0.000000e+00, 0.000000e+00, -3.398702e-12, -3.955351e-13, 1.259322e-08
4300, 2.705931e-04, 1.190917e+01, 1.212712e-05, 1.150656e-06, 0.000000e+00, 0.000000e+00, 0.000000e+00, -3.408621e-12, -3.918817e-13, 1.258981e-08
4400, 2.619827e-04, 1.170759e+01, 1.211295e-05, 1.150355e-06, 0.000000e+00, 0.000000e+00, 0.000000e+00, -3.419139e-12, -3.889051e-13, 1.258651e-08
4500, 2.537847e-04, 1.175065e+01, 1.209901e-05, 1.150063e-06, 0.000000e+00, 0.000000e+00, 0.000000e+00, -3.430106e-12, -3.866886e-13, 1.258332e-08
4600, 2.460317e-04, 9.465484e+00, 1.208532e-05, 1.149780e-06, 0.000000e+00, 0.000000e+00, 0.000000e+00, -3.441444e-12, -3.852875e-13, 1.258022e-08
4700, 2.386972e-04, 1.186363e+01, 1.207188e-05, 1.149505e-06, 0.000000e+00, 0.000000e+00, 0.000000e+00, -3.453117e-12, -3.846969e-13, 1.257722e-08
4800, 2.317213e-04, 1.117242e+01, 1.205869e-05, 1.149239e-06, 0.000000e+00, 0.000000e+00, 0.000000e+00, -3.465080e-12, -3.848745e-13, 1.257431e-08
4900, 2.250490e-04, 1.070170e+01, 1.204573e-05, 1.148981e-06, 0.000000e+00, 0.000000e+00, 0.000000e+00, -3.477263e-12, -3.857653e-13, 1.257148e-08
5000, 2.186517e-04, 1.187775e+01, 1.203302e-05, 1.148729e-06, 0.000000e+00, 0.000000e+00, 0.000000e+00, -3.489586e-12, -3.873189e-13, 1.256873e-08
5100, 2.125211e-04, 1.158025e+01, 1.202055e-05, 1.148485e-06, 0.000000e+00, 0.000000e+00, 0.000000e+00, -3.501977e-12, -3.894953e-13, 1.256606e-08
5200, 2.066528e-04, 1.127794e+01, 1.200831e-05, 1.148248e-06, 0.000000e+00, 0.000000e+00, 0.000000e+00, -3.514380e-12, -3.922546e-13, 1.256346e-08
5300, 2.010350e-04, 1.176329e+01, 1.199631e-05, 1.148017e-06, 0.000000e+00, 0.000000e+00, 0.000000e+00, -3.526751e-12, -3.955509e-13, 1.256094e-08
5400, 1.956492e-04, 1.146405e+01, 1.198454e-05, 1.147793e-06, 0.000000e+00, 0.000000e+00, 0.000000e+00, -3.539054e-12, -3.993326e-13, 1.255848e-08
5500, 1.904758e-04, 1.162666e+01, 1.197299e-05, 1.147574e-06, 0.000000e+00, 0.000000e+00, 0.000000e+00, -3.551250e-12, -4.035468e-13, 1.255609e-08
5600, 1.854988e-04, 1.159396e+01, 1.196167e-05, 1.147361e-06, 0.000000e+00, 0.000000e+00, 0.000000e+00, -3.563304e-12, -4.081431e-13, 1.255376e-08
5700, 1.807069e-04, 1.184833e+01, 1.195058e-05, 1.147154e-06, 0.000000e+00, 0.000000e+00, 0.000000e+00, -3.575182e-12, -4.130759e-13, 1.255149e-08
5800, 1.760914e-04, 1.170096e+01, 1.193970e-05, 1.146952e-06, 0.000000e+00, 0.000000e+00, 0.000000e+00, -3.586858e-12, -4.183035e-13, 1.254928e-08
5900, 1.716434e-04, 1.207100e+01, 1.192904e-05, 1.146755e-06, 0.000000e+00, 0.000000e+00, 0.000000e+00, -3.598308e-12, -4.237863e-13, 1.254713e-08
6000, 1.673537e-04, 1.189400e+01, 1.191859e-05, 1.146563e-06, 0.000000e+00, 0.000000e+00, 0.000000e+00, -3.609513e-12, -4.294866e-13, 1.254503e-08
6100, 1.632127e-04, 8.780394e+00, 1.190835e-05, 1.146376e-06, 0.000000e+00, 0.000000e+00, 0.000000e+00, -3.620459e-12, -4.353690e-13, 1.254298e-08
6200, 1.592116e-04, 1.183256e+01, 1.189831e-05, 1.146194e-06, 0.000000e+00, 0.000000e+00, 0.000000e+00, -3.631132e-12, -4.414010e-13, 1.254099e-08
6300, 1.553429e-04, 1.117551e+01, 1.188847e-05, 1.146016e-06, 0.000000e+00, 0.000000e+00, 0.000000e+00, -3.641523e-12, -4.475534e-13, 1.253904e-08
6400, 1.515999e-04, 9.051256e+00, 1.187884e-05, 1.145842e-06, 0.000000e+00, 0.000000e+00, 0.000000e+00, -3.651622e-12, -4.537999e-13, 1.253714e-08
6500, 1.479764e-04, 1.196944e+01, 1.186939e-05, 1.145672e-06, 0.000000e+00, 0.000000e+00, 0.000000e+00, -3.661425e-12, -4.601172e-13, 1.253528e-08
6600, 1.444665e-04, 1.122041e+01, 1.186014e-05, 1.145507e-06, 0.000000e+00, 0.000000e+00, 0.000000e+00, -3.670930e-12, -4.664846e-13, 1.253347e-08
6700, 1.410647e-04, 1.155779e+01, 1.185107e-05, 1.145345e-06, 0.000000e+00, 0.000000e+00, 0.000000e+00, -3.680134e-12, -4.728833e-13, 1.253170e-08
6800, 1.377656e-04, 1.186041e+01, 1.184219e-05, 1.145188e-06, 0.000000e+00, 0.000000e+00, 0.000000e+00, -3.689040e-12, -4.792973e-13, 1.252998e-08
6900, 1.345643e-04, 1.143056e+01, 1.183348e-05, 1.145034e-06, 0.000000e+00, 0.000000e+00, 0.000000e+00, -3.697648e-12, -4.857124e-13, 1.252829e-08
7000, 1.314564e-04, 1.102497e+01, 1.182496e-05, 1.144883e-06, 0.000000e+00, 0.000000e+00, 0.000000e+00, -3.705965e-12, -4.921167e-13, 1.252665e-08
7100, 1.284378e-04, 1.157864e+01, 1.181660e-05, 1.144736e-06, 0.000000e+00, 0.000000e+00, 0.000000e+00, -3.713994e-12, -4.985001e-13, 1.252504e-08
7200, 1.255045e-04, 1.189411e+01, 1.180842e-05, 1.144592e-06, 0.000000e+00, 0.000000e+00, 0.000000e+00, -3.721742e-12, -5.048543e-13, 1.252347e-08
7300, 1.226529e-04, 1.143445e+01, 1.180040e-05, 1.144452e-06, 0.000000e+00, 0.000000e+00, 0.000000e+00, -3.729215e-12, -5.111726e-13, 1.252193e-08
7400, 1.198795e-04, 1.204786e+01, 1.179255e-05, 1.144315e-06, 0.000000e+00, 0.000000e+00, 0.000000e+00, -3.736424e-12, -5.174496e-13, 1.252043e-08
7500, 1.171811e-04, 1.192870e+01, 1.178485e-05, 1.144181e-06, 0.000000e+00, 0.000000e+00, 0.000000e+00, -3.743375e-12, -5.236813e-13, 1.251896e-08
7600, 1.145548e-04, 1.174681e+01, 1.177731e-05, 1.144050e-06, 0.000000e+00, 0.000000e+00, 0.000000e+00, -3.750079e-12, -5.298647e-13, 1.251753e-08
7700, 1.119976e-04, 1.103269e+01, 1.176993e-05, 1.143922e-06, 0.000000e+00, 0.000000e+00, 0.000000e+00, -3.756546e-12, -5.359982e-13, 1.251613e-08
7800, 1.095070e-04, 1.094621e+01, 1.176270e-05, 1.143796e-06, 0.000000e+00, 0.000000e+00, 0.000000e+00, -3.762785e-12, -5.420807e-13, 1.251476e-08
7900, 1.070804e-04, 1.205008e+01, 1.175561e-05, 1.143674e-06, 0.000000e+00, 0.000000e+00, 0.000000e+00, -3.768807e-12, -5.481122e-13, 1.251342e-08
8000, 1.047155e-04, 1.185167e+01, 1.174867e-05, 1.143554e-06, 0.000000e+00, 0.000000e+00, 0.000000e+00, -3.774624e-12, -5.540935e-13, 1.251211e-08
8100, 1.024101e-04, 1.172627e+01, 1.174186e-05, 1.143437e-06, 0.000000e+00, 0.000000e+00, 0.000000e+00, -3.780246e-12, -5.600257e-13, 1.251082e-08
8200, 1.001621e-04, 1.198180e+01, 1.173520e-05, 1.143322e-06, 0.000000e+00, 0.000000e+00, 0.000000e+00, -3.785684e-12, -5.659108e-13, 1.250957e-08
8300, 9.796946e-05, 1.205929e+01, 1.172868e-05, 1.143210e-06, 0.000000e+00, 0.000000e+00, 0.000000e+00, -3.790949e-12, -5.717509e-13, 1.250835e-08
8400, 9.583039e-05, 1.095468e+01, 1.172228e-05, 1.143101e-06, 0.000000e+00, 0.000000e+00, 0.000000e+00, -3.796052e-12, -5.775489e-13, 1.250715e-08
8500, 9.374310e-05, 1.168676e+01, 1.171602e-05, 1.142994e-06, 0.000000e+00, 0.000000e+00, 0.000000e+00, -3.801004e-12, -5.833076e-13, 1.250597e-08
8600, 9.170590e-05, 1.077117e+01, 1.170988e-05, 1.142889e-06, 0.000000e+00, 0.000000e+00, 0.000000e+00, -3.805816e-12, -5.890304e-13, 1.250483e-08
8700, 8.971721e-05, 1.182055e+01, 1.170387e-05, 1.142786e-06, 0.000000e+00, 0.000000e+00, 0.000000e+00, -3.810498e-12, -5.947208e-13, 1.250371e-08
8800, 8.777551e-05, 1.169816e+01, 1.169798e-05, 1.142686e-06, 0.000000e+00, 0.000000e+00, 0.000000e+00, -3.815061e-12, -6.003823e-13, 1.250261e-08
8900, 8.587936e-05, 9.995682e+00, 1.169221e-05, 1.142588e-06, 0.000000e+00, 0.000000e+00, 0.000000e+00, -3.819514e-12, -6.060187e-13, 1.250154e-08
9000, 8.402739e-05, 1.162495e+01, 1.168656e-05, 1.142492e-06, 0.000000e+00, 0.000000e+00, 0.000000e+00, -3.823868e-12, -6.116339e-13, 1.250048e-08
9100, 8.221830e-05, 1.207127e+01, 1.168102e-05, 1.142398e-06, 0.000000e+00, 0.000000e+00, 0.000000e+00, -3.828132e-12, -6.172316e-13, 1.249946e-08
9200, 8.045084e-05, 1.207253e+01, 1.167559e-05, 1.142306e-06, 0.000000e+00, 0.000000e+00, 0.000000e+00, -3.832315e-12, -6.228157e-13, 1.249845e-08
9300, 7.872382e-05, 1.191705e+01, 1.167028e-05, 1.142216e-06, 0.000000e+00, 0.000000e+00, 0.000000e+00, -3.836426e-12, -6.283901e-13, 1.249747e-08
9400, 7.703610e-05, 1.152633e+01, 1.166507e-05, 1.142128e-06, 0.000000e+00, 0.000000e+00, 0.000000e+00, -3.840475e-12, -6.339586e-13, 1.249651e-08
9500, 7.538660e-05, 1.185608e+01, 1.165997e-05, 1.142042e-06, 0.000000e+00, 0.000000e+00, 0.000000e+00, -3.844469e-12, -6.395248e-13, 1.249556e-08
9600, 7.377426e-05, 1.070210e+01, 1.165497e-05, 1.141958e-06, 0.000000e+00, 0.000000e+00, 0.000000e+00, -3.848416e-12, -6.450925e-13, 1.249464e-08
9700, 7.219810e-05, 1.195549e+01, 1.165007e-05, 1.141875e-06, 0.000000e+00, 0.000000e+00, 0.000000e+00, -3.852324e-12, -6.506651e-13, 1.249374e-08
9800, 7.065713e-05, 1.170554e+01, 1.164527e-05, 1.141795e-06, 0.000000e+00, 0.000000e+00, 0.000000e+00, -3.856201e-12, -6.562461e-13, 1.249286e-08
9900, 6.915046e-05, 1.201880e+01, 1.164057e-05, 1.141716e-06, 0.000000e+00, 0.000000e+00, 0.000000e+00, -3.860052e-12, -6.618388e-13, 1.249199e-08
10000, 6.767717e-05, 1.205718e+01, 1.163596e-05, 1.141639e-06, 0.000000e+00, 0.000000e+00, 0.000000e+00, -3.863886e-12, -6.674463e-13, 1.249115e-08
10100, 6.623643e-05, 1.107605e+01, 1.163145e-05, 1.141563e-06, 0.000000e+00, 0.000000e+00, 0.000000e+00, -3.867708e-12, -6.730718e-13, 1.249032e-08
10200, 6.482740e-05, 1.170787e+01, 1.162702e-05, 1.141489e-06, 0.000000e+00, 0.000000e+00, 0.000000e+00, -3.871524e-12, -6.787181e-13, 1.248951e-08
10300, 6.344929e-05, 1.197821e+01, 1.162269e-05, 1.141417e-06, 0.000000e+00, 0.000000e+00, 0.000000e+00, -3.875340e-12, -6.843879e-13, 1.248872e-08
10400, 6.210133e-05, 1.204416e+01, 1.161844e-05, 1.141346e-06, 0.000000e+00, 0.000000e+00, 0.000000e+00, -3.879162e-12, -6.900839e-13, 1.248794e-08
10500, 6.078279e-05, 1.121916e+01, 1.161428e-05, 1.141276e-06, 0.000000e+00, 0.000000e+00, 0.000000e+00, -3.882994e-12, -6.958085e-13, 1.248718e-08
10600, 5.949295e-05, 1.099753e+01, 1.161020e-05, 1.141208e-06, 0.000000e+00, 0.000000e+00, 0.000000e+00, -3.886841e-12, -7.015639e-13, 1.248644e-08
10700, 5.823111e-05, 1.058946e+01, 1.160621e-05, 1.141142e-06, 0.000000e+00, 0.000000e+00, 0.000000e+00, -3.890707e-12, -7.073524e-13, 1.248571e-08
10800, 5.699661e-05, 1.186143e+01, 1.160229e-05, 1.141077e-06, 0.000000e+00, 0.000000e+00, 0.000000e+00, -3.894597e-12, -7.131758e-13, 1.248500e-08
10900, 5.578880e-05, 1.169169e+01, 1.159978e-05, 1.141013e-06, 0.000000e+00, 0.000000e+00, 0.000000e+00, -3.898515e-12, -7.190361e-13, 1.248431e-08
11000, 5.460705e-05, 1.183652e+01, 1.160539e-05, 1.140951e-06, 0.000000e+00, 0.000000e+00, 0.000000e+00, -3.902464e-12, -7.249349e-13, 1.248362e-08
11100, 5.345075e-05, 1.185226e+01, 1.161088e-05, 1.140890e-06, 0.000000e+00, 0.000000e+00, 0.000000e+00, -3.906448e-12, -7.308738e-13, 1.248296e-08
11200, 5.231932e-05, 1.081435e+01, 1.161626e-05, 1.140830e-06, 0.000000e+00, 0.000000e+00, 0.000000e+00, -3.910470e-12, -7.368542e-13, 1.248230e-08
11300, 5.121217e-05, 1.214039e+01, 1.162152e-05, 1.140772e-06, 0.000000e+00, 0.000000e+00, 0.000000e+00, -3.914532e-12, -7.428773e-13, 1.248166e-08
11400, 5.012875e-05, 1.165827e+01, 1.162667e-05, 1.140715e-06, 0.000000e+00, 0.000000e+00, 0.000000e+00, -3.918637e-12, -7.489443e-13, 1.248104e-08
11500, 4.906851e-05, 1.171675e+01, 1.163172e-05, 1.140659e-06, 0.000000e+00, 0.000000e+00, 0.000000e+00, -3.922789e-12, -7.550562e-13, 1.248043e-08
11600, 4.803095e-05, 1.090730e+01, 1.163665e-05, 1.140604e-06, 0.000000e+00, 0.000000e+00, 0.000000e+00, -3.926988e-12, -7.612138e-13, 1.247983e-08
11700, 4.701553e-05, 1.049336e+01, 1.164149e-05, 1.140550e-06, 0.000000e+00, 0.000000e+00, 0.000000e+00, -3.931237e-12, -7.674180e-13, 1.247924e-08
11800, 4.602177e-05, 1.185142e+01, 1.164622e-05, 1.140498e-06, 0.000000e+00, 0.000000e+00, 0.000000e+00, -3.935537e-12, -7.736693e-13, 1.247867e-08
11900, 4.504918e-05, 1.145878e+01, 1.165085e-05, 1.140446e-06, 0.000000e+00, 0.000000e+00, 0.000000e+00, -3.939891e-12, -7.799683e-13, 1.247810e-08
12000, 4.409729e-05, 1.126896e+01, 1.165538e-05, 1.140396e-06, 0.000000e+00, 0.000000e+00, 0.000000e+00, -3.944300e-12, -7.863154e-13, 1.247755e-08
12100, 4.316564e-05, 1.034091e+01, 1.165982e-05, 1.140347e-06, 0.000000e+00, 0.000000e+00, 0.000000e+00, -3.948764e-12, -7.927110e-13, 1.247701e-08
12200, 4.225379e-05, 1.190556e+01, 1.166417e-05, 1.140299e-06, 0.000000e+00, 0.000000e+00, 0.000000e+00, -3.953286e-12, -7.991552e-13, 1.247649e-08
12300, 4.136129e-05, 1.163153e+01, 1.166842e-05, 1.140252e-06, 0.000000e+00, 0.000000e+00, 0.000000e+00, -3.957866e-12, -8.056482e-13, 1.247597e-08
12400, 4.048772e-05, 1.188842e+01, 1.167258e-05, 1.140205e-06, 0.000000e+00, 0.000000e+00, 0.000000e+00, -3.962505e-12, -8.121900e-13, 1.247547e-08
12500, 3.963267e-05, 1.173987e+01, 1.167666e-05, 1.140160e-06, 0.000000e+00, 0.000000e+00, 0.000000e+00, -3.967203e-12, -8.187806e-13, 1.247497e-08
12600, 3.879574e-05, 1.142983e+01, 1.168065e-05, 1.140116e-06, 0.000000e+00, 0.000000e+00, 0.000000e+00, -3.971961e-12, -8.254198e-13, 1.247449e-08
12700, 3.797653e-05, 1.157646e+01, 1.168455e-05, 1.140073e-06, 0.000000e+00, 0.000000e+00, 0.000000e+00, -3.976780e-12, -8.321075e-13, 1.247401e-08
12800, 3.717465e-05, 1.196965e+01, 1.168838e-05, 1.140030e-06, 0.000000e+00, 0.000000e+00, 0.000000e+00, -3.981659e-12, -8.388434e-13, 1.247355e-08
12900, 3.638974e-05, 1.195906e+01, 1.169212e-05, 1.139989e-06, 0.000000e+00, 0.000000e+00, 0.000000e+00, -3.986599e-12, -8.456271e-13, 1.247310e-08
13000, 3.562142e-05, 1.171037e+01, 1.169578e-05, 1.139948e-06, 0.000000e+00, 0.000000e+00, 0.000000e+00, -3.991601e-12, -8.524582e-13, 1.247265e-08
13100, 3.486933e-05, 1.110367e+01, 1.169937e-05, 1.139909e-06, 0.000000e+00, 0.000000e+00, 0.000000e+00, -3.996663e-12, -8.593363e-13, 1.247222e-08
13200, 3.413313e-05, 1.160621e+01, 1.170288e-05, 1.139870e-06, 0.000000e+00, 0.000000e+00, 0.000000e+00, -4.001785e-12, -8.662609e-13, 1.247179e-08
13300, 3.341248e-05, 1.197484e+01, 1.170631e-05, 1.139832e-06, 0.000000e+00, 0.000000e+00, 0.000000e+00, -4.006969e-12, -8.732314e-13, 1.247138e-08
13400, 3.270705e-05, 1.201712e+01, 1.170968e-05, 1.139794e-06, 0.000000e+00, 0.000000e+00, 0.000000e+00, -4.012213e-12, -8.802471e-13, 1.247097e-08
13500, 3.201649e-05, 1.126706e+01, 1.171297e-05, 1.139758e-06, 0.000000e+00, 0.000000e+00, 0.000000e+00, -4.017516e-12, -8.873075e-13, 1.247057e-08
13600, 3.134051e-05, 1.166325e+01, 1.171619e-05, 1.139722e-06, 0.000000e+00, 0.000000e+00, 0.000000e+00, -4.022879e-12, -8.944117e-13, 1.247018e-08
13700, 3.067879e-05, 1.170660e+01, 1.171934e-05, 1.139687e-06, 0.000000e+00, 0.000000e+00, 0.000000e+00, -4.028301e-12, -9.015591e-13, 1.246979e-08
13800, 3.003102e-05, 1.216686e+01, 1.172243e-05, 1.139653e-06, 0.000000e+00, 0.000000e+00, 0.000000e+00, -4.033781e-12, -9.087489e-13, 1.246942e-08
13900, 2.939691e-05, 1.156874e+01, 1.172545e-05, 1.139619e-06, 0.000000e+00, 0.000000e+00, 0.000000e+00, -4.039319e-12, -9.159803e-13, 1.246905e-08
14000, 2.877616e-05, 1.070042e+01, 1.172841e-05, 1.139587e-06, 0.000000e+00, 0.000000e+00, 0.000000e+00, -4.044914e-12, -9.232524e-13, 1.246869e-08
14100, 2.816849e-05, 1.186072e+01, 1.173131e-05, 1.139554e-06, 0.000000e+00, 0.000000e+00, 0.000000e+00, -4.050565e-12, -9.305643e-13, 1.246834e-08
14200, 2.757363e-05, 1.197712e+01, 1.173414e-05, 1.139523e-06, 0.000000e+00, 0.000000e+00, 0.000000e+00, -4.056271e-12, -9.379152e-13, 1.246800e-08
14300, 2.699131e-05, 1.191594e+01, 1.173692e-05, 1.139492e-06, 0.000000e+00, 0.000000e+00, 0.000000e+00, -4.062033e-12, -9.453042e-13, 1.246766e-08
14400, 2.642125e-05, 1.164228e+01, 1.173963e-05, 1.139462e-06, 0.000000e+00, 0.000000e+00, 0.000000e+00, -4.067847e-12, -9.527302e-13, 1.246733e-08
14500, 2.586320e-05, 1.126711e+01, 1.174229e-05, 1.139433e-06, 0.000000e+00, 0.000000e+00, 0.000000e+00, -4.073715e-12, -9.601925e-13, 1.246701e-08
14600, 2.531690e-05, 1.020180e+01, 1.174489e-05, 1.139404e-06, 0.000000e+00, 0.000000e+00, 0.000000e+00, -4.079635e-12, -9.676899e-13, 1.246670e-08
14700, 2.478210e-05, 1.173131e+01, 1.174744e-05, 1.139376e-06, 0.000000e+00, 0.000000e+00, 0.000000e+00, -4.085606e-12, -9.752215e-13, 1.246639e-08
14800, 2.425857e-05, 1.168177e+01, 1.174993e-05, 1.139348e-06, 0.000000e+00, 0.000000e+00, 0.000000e+00, -4.091626e-12, -9.827864e-13, 1.246608e-08
14900, 2.374606e-05, 1.172153e+01, 1.175237e-05, 1.139321e-06, 0.000000e+00, 0.000000e+00, 0.000000e+00, -4.097696e-12, -9.903834e-13, 1.246579e-08
15000, 2.324434e-05, 1.179672e+01, 1.175476e-05, 1.139294e-06, 0.000000e+00, 0.000000e+00, 0.000000e+00, -4.103813e-12, -9.980117e-13, 1.246550e-08
15100, 2.275319e-05, 1.210110e+01, 1.175710e-05, 1.139269e-06, 0.000000e+00, 0.000000e+00, 0.000000e+00, -4.109978e-12, -1.005670e-12, 1.246522e-08
15200, 2.227237e-05, 1.168243e+01, 1.175939e-05, 1.139243e-06, 0.000000e+00, 0.000000e+00, 0.000000e+00, -4.116188e-12, -1.013358e-12, 1.246494e-08
15300, 2.180168e-05, 1.171390e+01, 1.176163e-05, 1.139218e-06, 0.000000e+00, 0.000000e+00, 0.000000e+00, -4.122443e-12, -1.021073e-12, 1.246467e-08
15400, 2.134090e-05, 1.184433e+01, 1.176382e-05, 1.139194e-06, 0.000000e+00, 0.000000e+00, 0.000000e+00, -4.128741e-12, -1.028816e-12, 1.246440e-08
15500, 2.088981e-05, 1.208069e+01, 1.176597e-05, 1.139170e-06, 0.000000e+00, 0.000000e+00, 0.000000e+00, -4.135082e-12, -1.036585e-12, 1.246414e-08
15600, 2.044822e-05, 1.202173e+01, 1.176807e-05, 1.139147e-06, 0.000000e+00, 0.000000e+00, 0.000000e+00, -4.141464e-12, -1.044379e-12, 1.246388e-08
15700, 2.001593e-05, 1.209654e+01, 1.177012e-05, 1.139124e-06, 0.000000e+00, 0.000000e+00, 0.000000e+00, -4.147887e-12, -1.052197e-12, 1.246364e-08
15800, 1.959274e-05, 1.153772e+01, 1.177213e-05, 1.139102e-06, 0.000000e+00, 0.000000e+00, 0.000000e+00, -4.154348e-12, -1.060038e-12, 1.246339e-08
15900, 1.917845e-05, 1.140601e+01, 1.177410e-05, 1.139080e-06, 0.000000e+00, 0.000000e+00, 0.000000e+00, -4.160848e-12, -1.067901e-12, 1.246315e-08
16000, 1.877289e-05, 1.111894e+01, 1.177603e-05, 1.139059e-06, 0.000000e+00, 0.000000e+00, 0.000000e+00, -4.167384e-12, -1.075784e-12, 1.246292e-08
16100, 1.837587e-05, 1.148978e+01, 1.177792e-05, 1.139038e-06, 0.000000e+00, 0.000000e+00, 0.000000e+00, -4.173956e-12, -1.083688e-12, 1.246269e-08
16200, 1.798720e-05, 1.180515e+01, 1.177976e-05, 1.139017e-06, 0.000000e+00, 0.000000e+00, 0.000000e+00, -4.180563e-12, -1.091611e-12, 1.246246e-08
16300, 1.760671e-05, 1.193316e+01, 1.178157e-05, 1.138997e-06, 0.000000e+00, 0.000000e+00, 0.000000e+00, -4.187203e-12, -1.099551e-12, 1.246225e-08
16400, 1.723424e-05, 1.165122e+01, 1.178334e-05, 1.138977e-06, 0.000000e+00, 0.000000e+00, 0.000000e+00, -4.193875e-12, -1.107508e-12, 1.246203e-08
16500, 1.686960e-05, 1.187085e+01, 1.178507e-05, 1.138958e-06, 0.000000e+00, 0.000000e+00, 0.000000e+00, -4.200579e-12, -1.115482e-12, 1.246182e-08
16600, 1.651264e-05, 1.187994e+01, 1.178677e-05, 1.138939e-06, 0.000000e+00, 0.000000e+00, 0.000000e+00, -4.207312e-12, -1.123470e-12, 1.246161e-08
16700, 1.616320e-05, 1.201377e+01, 1.178843e-05, 1.138921e-06, 0.000000e+00, 0.000000e+00, 0.000000e+00, -4.214075e-12, -1.131472e-12, 1.246141e-08
16800, 1.582112e-05, 1.192815e+01, 1.179005e-05, 1.138903e-06, 0.000000e+00, 0.000000e+00, 0.000000e+00, -4.220865e-12, -1.139487e-12, 1.246122e-08
16900, 1.548623e-05, 1.112110e+01, 1.179164e-05, 1.138885e-06, 0.000000e+00, 0.000000e+00, 0.000000e+00, -4.227682e-12, -1.147515e-12, 1.246102e-08
17000, 1.515840e-05, 1.115639e+01, 1.179320e-05, 1.138868e-06, 0.000000e+00, 0.000000e+00, 0.000000e+00, -4.234525e-12, -1.155553e-12, 1.246083e-08
17100, 1.483747e-05, 1.182292e+01, 1.179472e-05, 1.138851e-06, 0.000000e+00, 0.000000e+00, 0.000000e+00, -4.241392e-12, -1.163602e-12, 1.246065e-08
17200, 1.452330e-05, 1.137425e+01, 1.179621e-05, 1.138835e-06, 0.000000e+00, 0.000000e+00, 0.000000e+00, -4.248283e-12, -1.171659e-12, 1.246047e-08
17300, 1.421575e-05, 1.109066e+01, 1.179767e-05, 1.138818e-06, 0.000000e+00, 0.000000e+00, 0.000000e+00, -4.255196e-12, -1.179726e-12, 1.246029e-08
17400, 1.391467e-05, 1.151098e+01, 1.179910e-05, 1.138803e-06, 0.000000e+00, 0.000000e+00, 0.000000e+00, -4.262131e-12, -1.187799e-12, 1.246012e-08
17500, 1.361993e-05, 1.181532e+01, 1.180049e-05, 1.138787e-06, 0.000000e+00, 0.000000e+00, 0.000000e+00, -4.269086e-12, -1.195880e-12, 1.245995e-08
17600, 1.333140e-05, 1.002736e+01, 1.180186e-05, 1.138772e-06, 0.000000e+00, 0.000000e+00, 0.000000e+00, -4.276060e-12, -1.203966e-12, 1.245978e-08
17700, 1.304895e-05, 1.082318e+01, 1.180320e-05, 1.138757e-06, 0.000000e+00, 0.000000e+00, 0.000000e+00, -4.283053e-12, -1.212057e-12, 1.245962e-08
17800, 1.277244e-05, 1.185343e+01, 1.180451e-05, 1.138743e-06, 0.000000e+00, 0.000000e+00, 0.000000e+00, -4.290063e-12, -1.220152e-12, 1.245946e-08
17900, 1.250176e-05, 1.077846e+01, 1.180579e-05, 1.138728e-06, 0.000000e+00, 0.000000e+00, 0.000000e+00, -4.297089e-12, -1.228250e-12, 1.245930e-08
18000, 1.223678e-05, 1.166298e+01, 1.180705e-05, 1.138714e-06, 0.000000e+00, 0.000000e+00, 0.000000e+00, -4.304130e-12, -1.236350e-12, 1.245915e-08
18100, 1.197739e-05, 1.167872e+01, 1.180828e-05, 1.138701e-06, 0.000000e+00, 0.000000e+00, 0.000000e+00, -4.311186e-12, -1.244453e-12, 1.245900e-08
18200, 1.172345e-05, 1.202818e+01, 1.180948e-05, 1.138687e-06, 0.000000e+00, 0.000000e+00, 0.000000e+00, -4.318255e-12, -1.252556e-12, 1.245886e-08
18300, 1.147487e-05, 1.133385e+01, 1.181066e-05, 1.138674e-06, 0.000000e+00, 0.000000e+00, 0.000000e+00, -4.325337e-12, -1.260659e-12, 1.245871e-08
18400, 1.123153e-05, 1.165280e+01, 1.181181e-05, 1.138662e-06, 0.000000e+00, 0.000000e+00, 0.000000e+00, -4.332430e-12, -1.268761e-12, 1.245857e-08
18500, 1.099331e-05, 1.144812e+01, 1.181293e-05, 1.138649e-06, 0.000000e+00, 0.000000e+00, 0.000000e+00, -4.339534e-12, -1.276862e-12, 1.245844e-08
18600, 1.076011e-05, 1.166344e+01, 1.181404e-05, 1.138637e-06, 0.000000e+00, 0.000000e+00, 0.000000e+00, -4.346647e-12, -1.284960e-12, 1.245830e-08
18700, 1.053183e-05, 1.145776e+01, 1.181512e-05, 1.138625e-06, 0.000000e+00, 0.000000e+00, 0.000000e+00, -4.353770e-12, -1.293056e-12, 1.245817e-08
18800, 1.030836e-05, 1.135339e+01, 1.181617e-05, 1.138613e-06, 0.000000e+00, 0.000000e+00, 0.000000e+00, -4.360900e-12, -1.301148e-12, 1.245804e-08
18900, 1.008959e-05, 1.200557e+01, 1.181721e-05, 1.138602e-06, 0.000000e+00, 0.000000e+00, 0.000000e+00, -4.368038e-12, -1.309235e-12, 1.245792e-08
19000, 9.875442e-06, 1.065426e+01, 1.181822e-05, 1.138590e-06, 0.000000e+00, 0.000000e+00, 0.000000e+00, -4.375181e-12, -1.317318e-12, 1.245779e-08
19100, 9.665804e-06, 1.125549e+01, 1.181921e-05, 1.138579e-06, 0.000000e+00, 0.000000e+00, 0.000000e+00, -4.382331e-12, -1.325395e-12, 1.245767e-08
19200, 9.460584e-06, 1.200206e+01, 1.182018e-05, 1.138569e-06, 0.000000e+00, 0.000000e+00, 0.000000e+00, -4.389485e-12, -1.333465e-12, 1.245756e-08
19300, 9.259690e-06, 1.156896e+01, 1.182113e-05, 1.138558e-06, 0.000000e+00, 0.000000e+00, 0.000000e+00, -4.396642e-12, -1.341529e-12, 1.245744e-08
19400, 9.063032e-06, 1.141127e+01, 1.182206e-05, 1.138548e-06, 0.000000e+00, 0.000000e+00, 0.000000e+00, -4.403803e-12, -1.349585e-12, 1.245733e-08
19500, 8.870519e-06, 1.189102e+01, 1.182297e-05, 1.138538e-06, 0.000000e+00, 0.000000e+00, 0.000000e+00, -4.410966e-12, -1.357633e-12, 1.245722e-08
19600, 8.682065e-06, 1.148665e+01, 1.182386e-05, 1.138528e-06, 0.000000e+00, 0.000000e+00, 0.000000e+00, -4.418131e-12, -1.365672e-12, 1.245711e-08
19700, 8.497584e-06, 1.135255e+01, 1.182473e-05, 1.138518e-06, 0.000000e+00, 0.000000e+00, 0.000000e+00, -4.425297e-12, -1.373701e-12, 1.245700e-08
19800, 8.316994e-06, 1.112153e+01, 1.182558e-05, 1.138509e-06, 0.000000e+00, 0.000000e+00, 0.000000e+00, -4.432463e-12, -1.381721e-12, 1.245690e-08
19900, 8.140212e-06, 1.165038e+01, 1.182642e-05, 1.138499e-06, 0.000000e+00, 0.000000e+00, 0.000000e+00, -4.439628e-12, -1.389730e-12, 1.245680e-08
20000, 7.967157e-06, 1.182595e+01, 1.182723e-05, 1.138490e-06, 0.000000e+00, 0.000000e+00, 0.000000e+00, -4.446792e-12, -1.397727e-12, 1.245670e-08
20100, 7.797753e-06, 1.206625e+01, 1.182803e-05, 1.138481e-06, 0.000000e+00, 0.000000e+00, 0.000000e+00, -4.453954e-12, -1.405714e-12, 1.245660e-08
20200, 7.631921e-06, 1.185604e+01, 1.182881e-05, 1.138473e-06, 0.000000e+00, 0.000000e+00, 0.000000e+00, -4.461113e-12, -1.413688e-12, 1.245651e-08
20300, 7.469587e-06, 1.202994e+01, 1.182958e-05, 1.138464e-06, 0.000000e+00, 0.000000e+00, 0.000000e+00, -4.468269e-12, -1.421649e-12, 1.245641e-08
20400, 7.310678e-06, 1.203325e+01, 1.183033e-05, 1.138456e-06, 0.000000e+00, 0.000000e+00, 0.000000e+00, -4.475421e-12, -1.429597e-12, 1.245632e-08
20500, 7.155120e-06, 1.133448e+01, 1.183106e-05, 1.138448e-06, 0.000000e+00, 0.000000e+00, 0.000000e+00, -4.482569e-12, -1.437532e-12, 1.245623e-08
20600, 7.002845e-06, 1.116500e+01, 1.183178e-05, 1.138440e-06, 0.000000e+00, 0.000000e+00, 0.000000e+00, -4.489711e-12, -1.445452e-12, 1.245615e-08
20700, 6.853781e-06, 1.169130e+01, 1.183248e-05, 1.138432e-06, 0.000000e+00, 0.000000e+00, 0.000000e+00, -4.496848e-12, -1.453358e-12, 1.245606e-08
20800, 6.707863e-06, 1.176522e+01, 1.183316e-05, 1.138424e-06, 0.000000e+00, 0.000000e+00, 0.000000e+00, -4.503978e-12, -1.461249e-12, 1.245598e-08
20900, 6.565024e-06, 1.196735e+01, 1.183384e-05, 1.138417e-06, 0.000000e+00, 0.000000e+00, 0.000000e+00, -4.511102e-12, -1.469124e-12, 1.245590e-08
21000, 6.425200e-06, 1.120245e+01, 1.183449e-05, 1.138409e-06, 0.000000e+00, 0.000000e+00, 0.000000e+00, -4.518218e-12, -1.476983e-12, 1.245582e-08
21100, 6.288325e-06, 1.141048e+01, 1.183514e-05, 1.138402e-06, 0.000000e+00, 0.000000e+00, 0.000000e+00, -4.525326e-12, -1.484826e-12, 1.245574e-08
21200, 6.154340e-06, 1.187237e+01, 1.183577e-05, 1.138395e-06, 0.000000e+00, 0.000000e+00, 0.000000e+00, -4.532425e-12, -1.492652e-12, 1.245566e-08
21300, 6.023182e-06, 1.090935e+01, 1.183638e-05, 1.138388e-06, 0.000000e+00, 0.000000e+00, 0.000000e+00, -4.539516e-12, -1.500462e-12, 1.245559e-08
21400, 5.894793e-06, 1.194566e+01, 1.183699e-05, 1.138382e-06, 0.000000e+00, 0.000000e+00, 0.000000e+00, -4.546597e-12, -1.508253e-12, 1.245551e-08
21500, 5.769114e-06, 1.206423e+01, 1.183758e-05, 1.138375e-06, 0.000000e+00, 0.000000e+00, 0.000000e+00, -4.553668e-12, -1.516027e-12, 1.245544e-08
21600, 5.646088e-06, 1.200028e+01, 1.183816e-05, 1.138369e-06, 0.000000e+00, 0.000000e+00, 0.000000e+00, -4.560728e-12, -1.523782e-12, 1.245537e-08
21700, 5.525660e-06, 1.174371e+01, 1.183872e-05, 1.138362e-06, 0.000000e+00, 0.000000e+00, 0.000000e+00, -4.567777e-12, -1.531519e-12, 1.245530e-08
21800, 5.407774e-06, 1.122788e+01, 1.183927e-05, 1.138356e-06, 0.000000e+00, 0.000000e+00, 0.000000e+00, -4.574815e-12, -1.539236e-12, 1.245523e-08
21900, 5.292377e-06, 1.193260e+01, 1.183982e-05, 1.138350e-06, 0.000000e+00, 0.000000e+00, 0.000000e+00, -4.581841e-12, -1.546935e-12, 1.245517e-08
22000, 5.179416e-06, 1.178457e+01, 1.184035e-05, 1.138344e-06, 0.000000e+00, 0.000000e+00, 0.000000e+00, -4.588855e-12, -1.554613e-12, 1.245510e-08
22100, 5.068842e-06, 1.138514e+01, 1.184086e-05, 1.138339e-06, 0.000000e+00, 0.000000e+00, 0.000000e+00, -4.595856e-12, -1.562272e-12, 1.245504e-08
22200, 4.960602e-06, 1.106081e+01, 1.184137e-05, 1.138333e-06, 0.000000e+00, 0.000000e+00, 0.000000e+00, -4.602844e-12, -1.569911e-12, 1.245498e-08
22300, 4.854649e-06, 1.207053e+01, 1.184187e-05, 1.138327e-06, 0.000000e+00, 0.000000e+00, 0.000000e+00, -4.609818e-12, -1.577529e-12, 1.245492e-08
22400, 4.750933e-06, 1.146685e+01, 1.184235e-05, 1.138322e-06, 0.000000e+00, 0.000000e+00, 0.000000e+00, -4.616778e-12, -1.585126e-12, 1.245486e-08
22500, 4.649409e-06, 1.205528e+01, 1.184283e-05, 1.138317e-06, 0.000000e+00, 0.000000e+00, 0.000000e+00, -4.623724e-12, -1.592702e-12, 1.245480e-08
22600, 4.550029e-06, 1.187560e+01, 1.184329e-05, 1.138312e-06, 0.000000e+00, 0.000000e+00, 0.000000e+00, -4.630655e-12, -1.600256e-12, 1.245474e-08
22700, 4.452748e-06, 1.074982e+01, 1.184375e-05, 1.138306e-06, 0.000000e+00, 0.000000e+00, 0.000000e+00, -4.637571e-12, -1.607789e-12, 1.245469e-08
22800, 4.357523e-06, 1.115050e+01, 1.184420e-05, 1.138301e-06, 0.000000e+00, 0.000000e+00, 0.000000e+00, -4.644471e-12, -1.615300e-12, 1.245463e-08
22900, 4.264310e-06, 1.202091e+01, 1.184463e-05, 1.138297e-06, 0.000000e+00, 0.000000e+00, 0.000000e+00, -4.651356e-12, -1.622789e-12, 1.245458e-08
23000, 4.173067e-06, 1.160303e+01, 1.184506e-05, 1.138292e-06, 0.000000e+00, 0.000000e+00, 0.000000e+00, -4.658225e-12, -1.630255e-12, 1.245453e-08
23100, 4.083752e-06, 1.115815e+01, 1.184548e-05, 1.138287e-06, 0.000000e+00, 0.000000e+00, 0.000000e+00, -4.665077e-12, -1.637699e-12, 1.245448e-08
23200, 3.996325e-06, 1.146305e+01, 1.184588e-05, 1.138283e-06, 0.000000e+00, 0.000000e+00, 0.000000e+00, -4.671912e-12, -1.645120e-12, 1.245443e-08
23300, 3.910745e-06, 1.156469e+01, 1.184628e-05, 1.138278e-06, 0.000000e+00, 0.000000e+00, 0.000000e+00, -4.678731e-12, -1.652518e-12, 1.245438e-08
23400, 3.826975e-06, 1.074481e+01, 1.184667e-05, 1.138274e-06, 0.000000e+00, 0.000000e+00, 0.000000e+00, -4.685532e-12, -1.659892e-12, 1.245433e-08
23500, 3.744976e-06, 1.203727e+01, 1.184706e-05, 1.138270e-06, 0.000000e+00, 0.000000e+00, 0.000000e+00, -4.692315e-12, -1.667243e-12, 1.245429e-08
23600, 3.664710e-06, 1.144077e+01, 1.184743e-05, 1.138265e-06, 0.000000e+00, 0.000000e+00, 0.000000e+00, -4.699081e-12, -1.674571e-12, 1.245424e-08
23700, 3.586141e-06, 1.202271e+01, 1.184780e-05, 1.138261e-06, 0.000000e+00, 0.000000e+00, 0.000000e+00, -4.705828e-12, -1.681874e-12, 1.245420e-08
23800, 3.509233e-06, 1.144078e+01, 1.184816e-05, 1.138257e-06, 0.000000e+00, 0.000000e+00, 0.000000e+00, -4.712557e-12, -1.689154e-12, 1.245415e-08
23900, 3.433952e-06, 1.192533e+01, 1.184851e-05, 1.138253e-06, 0.000000e+00, 0.000000e+00, 0.000000e+00, -4.719267e-12, -1.696409e-12, 1.245411e-08
24000, 3.360263e-06, 1.176266e+01, 1.184885e-05, 1.138250e-06, 0.000000e+00, 0.000000e+00, 0.000000e+00, -4.725958e-12, -1.703640e-12, 1.245407e-08
24100, 3.288133e-06, 1.142065e+01, 1.184919e-05, 1.138246e-06, 0.000000e+00, 0.000000e+00, 0.000000e+00, -4.732630e-12, -1.710846e-12, 1.245403e-08
24200, 3.217528e-06, 1.136055e+01, 1.184952e-05, 1.138242e-06, 0.000000e+00, 0.000000e+00, 0.000000e+00, -4.739283e-12, -1.718028e-12, 1.245399e-08
24300, 3.148417e-06, 1.168470e+01, 1.184984e-05, 1.138239e-06, 0.000000e+00, 0.000000e+00, 0.000000e+00, -4.745916e-12, -1.725185e-12, 1.245395e-08
24400, 3.080767e-06, 1.174233e+01, 1.185015e-05, 1.138235e-06, 0.000000e+00, 0.000000e+00, 0.000000e+00, -4.752529e-12, -1.732317e-12, 1.245391e-08
24500, 3.014550e-06, 1.138220e+01, 1.185046e-05, 1.138232e-06, 0.000000e+00, 0.000000e+00, 0.000000e+00, -4.759122e-12, -1.739423e-12, 1.245387e-08
24600, 2.949733e-06, 1.122438e+01, 1.185076e-05, 1.138228e-06, 0.000000e+00, 0.000000e+00, 0.000000e+00, -4.765695e-12, -1.746505e-12, 1.245383e-08
24700, 2.886288e-06, 1.176826e+01, 1.185105e-05, 1.138225e-06, 0.000000e+00, 0.000000e+00, 0.000000e+00, -4.772247e-12, -1.753561e-12, 1.245380e-08
24800, 2.824186e-06, 1.195342e+01, 1.185134e-05, 1.138222e-06, 0.000000e+00, 0.000000e+00, 0.000000e+00, -4.778779e-12, -1.760592e-12, 1.245376e-08
24900, 2.763398e-06, 1.168792e+01, 1.185162e-05, 1.138219e-06, 0.000000e+00, 0.000000e+00, 0.000000e+00, -4.785290e-12, -1.767597e-12, 1.245373e-08
25000, 2.703897e-06, 1.169230e+01, 1.185190e-05, 1.138216e-06, 0.000000e+00, 0.000000e+00, 0.000000e+00, -4.791780e-12, -1.774577e-12, 1.245370e-08
25100, 2.645655e-06, 1.113952e+01, 1.185217e-05, 1.138213e-06, 0.000000e+00, 0.000000e+00, 0.000000e+00, -4.798249e-12, -1.781530e-12, 1.245366e-08
25200, 2.588647e-06, 1.188188e+01, 1.185243e-05, 1.138210e-06, 0.000000e+00, 0.000000e+00, 0.000000e+00, -4.804696e-12, -1.788458e-12, 1.245363e-08
25300, 2.532845e-06, 1.109517e+01, 1.185269e-05, 1.138207e-06, 0.000000e+00, 0.000000e+00, 0.000000e+00, -4.811122e-12, -1.795360e-12, 1.245360e-08
25400, 2.478226e-06, 1.183903e+01, 1.185295e-05, 1.138204e-06, 0.000000e+00, 0.000000e+00, 0.000000e+00, -4.817527e-12, -1.802236e-12, 1.245357e-08
25500, 2.424763e-06, 1.162638e+01, 1.185319e-05, 1.138201e-06, 0.000000e+00, 0.000000e+00, 0.000000e+00, -4.823910e-12, -1.809086e-12, 1.245354e-08
25600, 2.372432e-06, 1.142204e+01, 1.185343e-05, 1.138199e-06, 0.000000e+00, 0.000000e+00, 0.000000e+00, -4.830271e-12, -1.815909e-12, 1.245351e-08
25700, 2.321210e-06, 1.143682e+01, 1.185367e-05, 1.138196e-06, 0.000000e+00, 0.000000e+00, 0.000000e+00, -4.836609e-12, -1.822707e-12, 1.245348e-08
25800, 2.271073e-06, 1.180572e+01, 1.185390e-05, 1.138193e-06, 0.000000e+00, 0.000000e+00, 0.000000e+00, -4.842926e-12, -1.829478e-12, 1.245345e-08
25900, 2.221998e-06, 1.202543e+01, 1.185413e-05, 1.138191e-06, 0.000000e+00, 0.000000e+00, 0.000000e+00, -4.849221e-12, -1.836222e-12, 1.245342e-08
26000, 2.173964e-06, 1.180109e+01, 1.185435e-05, 1.138188e-06, 0.000000e+00, 0.000000e+00, 0.000000e+00, -4.855493e-12, -1.842940e-12, 1.245340e-08
26100, 2.126947e-06, 1.186825e+01, 1.185457e-05, 1.138186e-06, 0.000000e+00, 0.000000e+00, 0.000000e+00, -4.861742e-12, -1.849632e-12, 1.245337e-08
26200, 2.080926e-06, 1.187678e+01, 1.185478e-05, 1.138183e-06, 0.000000e+00, 0.000000e+00, 0.000000e+00, -4.867969e-12, -1.856297e-12, 1.245334e-08
26300, 2.035881e-06, 1.165056e+01, 1.185499e-05, 1.138181e-06, 0.000000e+00, 0.000000e+00, 0.000000e+00, -4.874174e-12, -1.862935e-12, 1.245332e-08
26400, 1.991791e-06, 1.082182e+01, 1.185519e-05, 1.138179e-06, 0.000000e+00, 0.000000e+00, 0.000000e+00, -4.880355e-12, -1.869547e-12, 1.245329e-08
26500, 1.948636e-06, 1.204477e+01, 1.185539e-05, 1.138177e-06, 0.000000e+00, 0.000000e+00, 0.000000e+00, -4.886514e-12, -1.876133e-12, 1.245327e-08
26600, 1.906396e-06, 1.205084e+01, 1.185558e-05, 1.138175e-06, 0.000000e+00, 0.000000e+00, 0.000000e+00, -4.892650e-12, -1.882691e-12, 1.245325e-08
26700, 1.865051e-06, 1.174462e+01, 1.185577e-05, 1.138172e-06, 0.000000e+00, 0.000000e+00, 0.000000e+00, -4.898763e-12, -1.889223e-12, 1.245322e-08
26800, 1.824584e-06, 1.188574e+01, 1.185596e-05, 1.138170e-06, 0.000000e+00, 0.000000e+00, 0.000000e+00, -4.904852e-12, -1.895728e-12, 1.245320e-08
26900, 1.784975e-06, 1.147168e+01, 1.185614e-05, 1.138168e-06, 0.000000e+00, 0.000000e+00, 0.000000e+00, -4.910919e-12, -1.902206e-12, 1.245318e-08
27000, 1.746206e-06, 1.109621e+01, 1.185632e-05, 1.138166e-06, 0.000000e+00, 0.000000e+00, 0.000000e+00, -4.916962e-12, -1.908657e-12, 1.245316e-08
27100, 1.708260e-06, 1.158228e+01, 1.185649e-05, 1.138164e-06, 0.000000e+00, 0.000000e+00, 0.000000e+00, -4.922982e-12, -1.915082e-12, 1.245313e-08
27200, 1.671119e-06, 1.127142e+01, 1.185666e-05, 1.138162e-06, 0.000000e+00, 0.000000e+00, 0.000000e+00, -4.928979e-12, -1.921480e-12, 1.245311e-08
27300, 1.634766e-06, 1.086177e+01, 1.185683e-05, 1.138161e-06, 0.000000e+00, 0.000000e+00, 0.000000e+00, -4.934952e-12, -1.927851e-12, 1.245309e-08
27400, 1.599184e-06, 1.181279e+01, 1.185699e-05, 1.138159e-06, 0.000000e+00, 0.000000e+00, 0.000000e+00, -4.940902e-12, -1.934195e-12, 1.245307e-08
27500, 1.564358e-06, 1.019122e+01, 1.185715e-05, 1.138157e-06, 0.000000e+00, 0.000000e+00, 0.000000e+00, -4.946828e-12, -1.940512e-12, 1.245305e-08
27600, 1.530272e-06, 1.142663e+01, 1.185730e-05, 1.138155e-06, 0.000000e+00, 0.000000e+00, 0.000000e+00, -4.952731e-12, -1.946802e-12, 1.245303e-08
27700, 1.496909e-06, 1.177436e+01, 1.185746e-05, 1.138154e-06, 0.000000e+00, 0.000000e+00, 0.000000e+00, -4.958610e-12, -1.953066e-12, 1.245302e-08
27800, 1.464255e-06, 1.194717e+01, 1.185761e-05, 1.138152e-06, 0.000000e+00, 0.000000e+00, 0.000000e+00, -4.964465e-12, -1.959303e-12, 1.245300e-08
27900, 1.432294e-06, 1.013082e+01, 1.185775e-05, 1.138150e-06, 0.000000e+00, 0.000000e+00, 0.000000e+00, -4.970297e-12, -1.965513e-12, 1.245298e-08
28000, 1.401013e-06, 1.176587e+01, 1.185789e-05, 1.138149e-06, 0.000000e+00, 0.000000e+00, 0.000000e+00, -4.976106e-12, -1.971696e-12, 1.245296e-08
28100, 1.370396e-06, 1.201693e+01, 1.185803e-05, 1.138147e-06, 0.000000e+00, 0.000000e+00, 0.000000e+00, -4.981890e-12, -1.977852e-12, 1.245295e-08
28200, 1.340429e-06, 1.156477e+01, 1.185817e-05, 1.138146e-06, 0.000000e+00, 0.000000e+00, 0.000000e+00, -4.987651e-12, -1.983982e-12, 1.245293e-08
28300, 1.311100e-06, 1.047526e+01, 1.185830e-05, 1.138144e-06, 0.000000e+00, 0.000000e+00, 0.000000e+00, -4.993388e-12, -1.990085e-12, 1.245291e-08
28400, 1.282393e-06, 1.042702e+01, 1.185843e-05, 1.138143e-06, 0.000000e+00, 0.000000e+00, 0.000000e+00, -4.999101e-12, -1.996161e-12, 1.245290e-08
28500, 1.254298e-06, 1.211364e+01, 1.185856e-05, 1.138141e-06, 0.000000e+00, 0.000000e+00, 0.000000e+00, -5.004791e-12, -2.002210e-12, 1.245288e-08
28600, 1.226799e-06, 1.171245e+01, 1.185868e-05, 1.138140e-06, 0.000000e+00, 0.000000e+00, 0.000000e+00, -5.010456e-12, -2.008233e-12, 1.245287e-08
28700, 1.199885e-06, 1.196215e+01, 1.185881e-05, 1.138138e-06, 0.000000e+00, 0.000000e+00, 0.000000e+00, -5.016098e-12, -2.014229e-12, 1.245285e-08
28800, 1.173544e-06, 1.200747e+01, 1.185892e-05, 1.138137e-06, 0.000000e+00, 0.000000e+00, 0.000000e+00, -5.021716e-12, -2.020198e-12, 1.245284e-08
28900, 1.147763e-06, 1.125137e+01, 1.185904e-05, 1.138136e-06, 0.000000e+00, 0.000000e+00, 0.000000e+00, -5.027311e-12, -2.026141e-12, 1.245282e-08
29000, 1.122531e-06, 1.164547e+01, 1.185915e-05, 1.138135e-06, 0.000000e+00, 0.000000e+00, 0.000000e+00, -5.032881e-12, -2.032058e-12, 1.245281e-08
29100, 1.097836e-06, 1.205737e+01, 1.185927e-05, 1.138133e-06, 0.000000e+00, 0.000000e+00, 0.000000e+00, -5.038428e-12, -2.037947e-12, 1.245279e-08
29200, 1.073666e-06, 1.127117e+01, 1.185937e-05, 1.138132e-06, 0.000000e+00, 0.000000e+00, 0.000000e+00, -5.043951e-12, -2.043811e-12, 1.245278e-08
29300, 1.050011e-06, 1.203621e+01, 1.185948e-05, 1.138131e-06, 0.000000e+00, 0.000000e+00, 0.000000e+00, -5.049450e-12, -2.049648e-12, 1.245277e-08
29400, 1.026859e-06, 1.187368e+01, 1.185958e-05, 1.138130e-06, 0.000000e+00, 0.000000e+00, 0.000000e+00, -5.054926e-12, -2.055458e-12, 1.245275e-08
29500, 1.004201e-06, 1.191674e+01, 1.185969e-05, 1.138129e-06, 0.000000e+00, 0.000000e+00, 0.000000e+00, -5.060377e-12, -2.061242e-12, 1.245274e-08
29600, 9.820247e-07, 1.109058e+01, 1.185979e-05, 1.138127e-06, 0.000000e+00, 0.000000e+00, 0.000000e+00, -5.065805e-12, -2.067000e-12, 1.245273e-08
